启动德州扑克全面测试系统...
python : Traceback (most recent call last):
At line:1 char:1
+ python comprehensive_test.py 2>&1 | tee test_output.txt
+ ~~~~~~~~~~~~~~~~~~~~~~~~~~~~~~~~~
    + CategoryInfo          : NotSpecified: (Traceback (most recent call last)::String) [], RemoteExc 
   eption
    + FullyQualifiedErrorId : NativeCommandError
 
  File "C:\Users\Martin\PycharmProjects\TexasHoldem\comprehensive_test.py", line 679, in <module>
    exit(main()) 
         ^^^^^^
  File "C:\Users\Martin\PycharmProjects\TexasHoldem\comprehensive_test.py", line 668, in main
    success = tester.run_comprehensive_test()
              ^^^^^^^^^^^^^^^^^^^^^^^^^^^^^^^
  File "C:\Users\Martin\PycharmProjects\TexasHoldem\comprehensive_test.py", line 553, in 
run_comprehensive_test
    print("\U0001f52c 德州扑克全面测试 v2.0")
UnicodeEncodeError: 'gbk' codec can't encode character '\U0001f52c' in position 0: illegal multibyte 
sequence
